// Jest Snapshot v1, https://goo.gl/fbAQLP

exports[`dia 09 should match the loading challenge 1`] = `
<body
  class="main-container no-toggle"
  id="particles-js"
>
  
  
  <header />
  
  
  <div
    class="spinner"
  />
  
  
  <script
    src="../assets/js/particles.js"
  />
  
  
  <script
    src="../assets/js/include-html.js"
  />
  
  
  <script
    src="scripts.js"
  />
  
  
  <script
    src="https://cdn.jsdelivr.net/npm/particles.js@2.0.0/particles.min.js"
  />
  



</body>
`;
